[    0.000000] Linux version 4.15.0-151-generic (buildd@lgw01-amd64-042) (gcc version 7.5.0 (Ubuntu 7.5.0-3ubuntu1~18.04)) #157-Ubuntu SMP Fri Jul 9 23:07:57 UTC 2021 (Ubuntu 4.15.0-151.157-generic 4.15.18)
[    0.000000] Command line: BOOT_IMAGE=/boot/vmlinuz-4.15.0-151-generic root=LABEL=cloudimg-rootfs ro console=tty1 console=ttyS0
[    0.000000] KERNEL supported cpus:
[    0.000000]   Intel GenuineIntel
[    0.000000]   AMD AuthenticAMD
[    0.000000]   Centaur CentaurHauls
[    0.000000] x86/fpu: Supporting XSAVE feature 0x001: 'x87 floating point registers'
[    0.000000] x86/fpu: Supporting XSAVE feature 0x002: 'SSE registers'
[    0.000000] x86/fpu: Enabled xstate features 0x3, context size is 576 bytes, using 'standard' format.
[    0.000000] e820: BIOS-provided physical RAM map:
[    0.000000] BIOS-e820: [mem 0x0000000000000000-0x000000000009fbff] usable
[    0.000000] BIOS-e820: [mem 0x000000000009fc00-0x000000000009ffff] reserved
[    0.000000] BIOS-e820: [mem 0x00000000000f0000-0x00000000000fffff] reserved
[    0.000000] BIOS-e820: [mem 0x0000000000100000-0x000000003ffeffff] usable
[    0.000000] BIOS-e820: [mem 0x000000003fff0000-0x000000003fffffff] ACPI data
[    0.000000] BIOS-e820: [mem 0x00000000fec00000-0x00000000fec00fff] reserved
[    0.000000] BIOS-e820: [mem 0x00000000fee00000-0x00000000fee00fff] reserved
[    0.000000] BIOS-e820: [mem 0x00000000fffc0000-0x00000000ffffffff] reserved
[    0.000000] NX (Execute Disable) protection: active
[    0.000000] SMBIOS 2.5 present.
[    0.000000] DMI: innotek GmbH VirtualBox/VirtualBox, BIOS VirtualBox 12/01/2006
[    0.000000] Hypervisor detected: KVM
[    0.000000] e820: last_pfn = 0x3fff0 max_arch_pfn = 0x400000000
[    0.000000] MTRR: Disabled
[    0.000000] x86/PAT: MTRRs disabled, skipping PAT initialization too.
[    0.000000] CPU MTRRs all blank - virtualized system.
[    0.000000] x86/PAT: Configuration [0-7]: WB  WT  UC- UC  WB  WT  UC- UC  
[    0.000000] found SMP MP-table at [mem 0x0009fff0-0x0009ffff]
[    0.000000] Scanning 1 areas for low memory corruption
[    0.000000] RAMDISK: [mem 0x35823000-0x36c08fff]
[    0.000000] ACPI: Early table checksum verification disabled
[    0.000000] ACPI: RSDP 0x00000000000E0000 000024 (v02 VBOX  )
[    0.000000] ACPI: XSDT 0x000000003FFF0030 00003C (v01 VBOX   VBOXXSDT 00000001 ASL  00000061)
[    0.000000] ACPI: FACP 0x000000003FFF00F0 0000F4 (v04 VBOX   VBOXFACP 00000001 ASL  00000061)
[    0.000000] ACPI: DSDT 0x000000003FFF0470 002325 (v02 VBOX   VBOXBIOS 00000002 INTL 20100528)
[    0.000000] ACPI: FACS 0x000000003FFF0200 000040
[    0.000000] ACPI: FACS 0x000000003FFF0200 000040
[    0.000000] ACPI: APIC 0x000000003FFF0240 00005C (v02 VBOX   VBOXAPIC 00000001 ASL  00000061)
[    0.000000] ACPI: SSDT 0x000000003FFF02A0 0001CC (v01 VBOX   VBOXCPUT 00000002 INTL 20100528)
[    0.000000] ACPI: Reserving FACP table memory at [mem 0x3fff00f0-0x3fff01e3]
[    0.000000] ACPI: Reserving DSDT table memory at [mem 0x3fff0470-0x3fff2794]
[    0.000000] ACPI: Reserving FACS table memory at [mem 0x3fff0200-0x3fff023f]
[    0.000000] ACPI: Reserving FACS table memory at [mem 0x3fff0200-0x3fff023f]
[    0.000000] ACPI: Reserving APIC table memory at [mem 0x3fff0240-0x3fff029b]
[    0.000000] ACPI: Reserving SSDT table memory at [mem 0x3fff02a0-0x3fff046b]
[    0.000000] No NUMA configuration found
[    0.000000] Faking a node at [mem 0x0000000000000000-0x000000003ffeffff]
[    0.000000] NODE_DATA(0) allocated [mem 0x3ffc5000-0x3ffeffff]
[    0.000000] kvm-clock: cpu 0, msr 0:3ff44001, primary cpu clock
[    0.000000] kvm-clock: Using msrs 4b564d01 and 4b564d00
[    0.000000] kvm-clock: using sched offset of 4215558284 cycles
[    0.000000] clocksource: kvm-clock: mask: 0xffffffffffffffff max_cycles: 0x1cd42e4dffb, max_idle_ns: 881590591483 ns
[    0.000000] Zone ranges:
[    0.000000]   DMA      [mem 0x0000000000001000-0x0000000000ffffff]
[    0.000000]   DMA32    [mem 0x0000000001000000-0x000000003ffeffff]
[    0.000000]   Normal   empty
[    0.000000]   Device   empty
[    0.000000] Movable zone start for each node
[    0.000000] Early memory node ranges
[    0.000000]   node   0: [mem 0x0000000000001000-0x000000000009efff]
[    0.000000]   node   0: [mem 0x0000000000100000-0x000000003ffeffff]
[    0.000000] Reserved but unavailable: 104 pages
[    0.000000] Initmem setup node 0 [mem 0x0000000000001000-0x000000003ffeffff]
[    0.000000] ACPI: PM-Timer IO Port: 0x4008
[    0.000000] IOAPIC[0]: apic_id 2, version 32, address 0xfec00000, GSI 0-23
[    0.000000] ACPI: INT_SRC_OVR (bus 0 bus_irq 0 global_irq 2 dfl dfl)
[    0.000000] ACPI: INT_SRC_OVR (bus 0 bus_irq 9 global_irq 9 low level)
[    0.000000] Using ACPI (MADT) for SMP configuration information
[    0.000000] smpboot: Allowing 2 CPUs, 0 hotplug CPUs
[    0.000000] PM: Registered nosave memory: [mem 0x00000000-0x00000fff]
[    0.000000] PM: Registered nosave memory: [mem 0x0009f000-0x0009ffff]
[    0.000000] PM: Registered nosave memory: [mem 0x000a0000-0x000effff]
[    0.000000] PM: Registered nosave memory: [mem 0x000f0000-0x000fffff]
[    0.000000] e820: [mem 0x40000000-0xfebfffff] available for PCI devices
[    0.000000] Booting paravirtualized kernel on KVM
[    0.000000] clocksource: refined-jiffies: mask: 0xffffffff max_cycles: 0xffffffff, max_idle_ns: 7645519600211568 ns
[    0.000000] random: get_random_bytes called from start_kernel+0x99/0x500 with crng_init=0
[    0.000000] setup_percpu: NR_CPUS:8192 nr_cpumask_bits:2 nr_cpu_ids:2 nr_node_ids:1
[    0.000000] percpu: Embedded 45 pages/cpu s147456 r8192 d28672 u1048576
[    0.000000] PV qspinlock hash table entries: 256 (order: 0, 4096 bytes)
[    0.000000] Built 1 zonelists, mobility grouping on.  Total pages: 257913
[    0.000000] Policy zone: DMA32
[    0.000000] Kernel command line: BOOT_IMAGE=/boot/vmlinuz-4.15.0-151-generic root=LABEL=cloudimg-rootfs ro console=tty1 console=ttyS0
[    0.000000] Memory: 981860K/1048120K available (12300K kernel code, 2483K rwdata, 4320K rodata, 2448K init, 2724K bss, 66260K reserved, 0K cma-reserved)
[    0.000000] SLUB: HWalign=64, Order=0-3, MinObjects=0, CPUs=2, Nodes=1
[    0.000000] Kernel/User page tables isolation: enabled
[    0.000000] ftrace: allocating 39460 entries in 155 pages
[    0.004000] Hierarchical RCU implementation.
[    0.004000] 	RCU restricting CPUs from NR_CPUS=8192 to nr_cpu_ids=2.
[    0.004000] 	Tasks RCU enabled.
[    0.004000] RCU: Adjusting geometry for rcu_fanout_leaf=16, nr_cpu_ids=2
[    0.004000] NR_IRQS: 524544, nr_irqs: 440, preallocated irqs: 16
[    0.004000] Console: colour VGA+ 80x25
[    0.004000] console [tty1] enabled
[    0.004000] console [ttyS0] enabled
[    0.004000] ACPI: Core revision 20170831
[    0.004000] ACPI: 2 ACPI AML tables successfully acquired and loaded
[    0.004000] APIC: Switch to symmetric I/O mode setup
[    0.004000] x2apic enabled
[    0.004000] Switched APIC routing to physical x2apic.
[    0.004000] ..TIMER: vector=0x30 apic1=0 pin1=2 apic2=-1 pin2=-1
[    0.004004] tsc: Detected 3695.994 MHz processor
[    0.005427] Calibrating delay loop (skipped) preset value.. 7391.98 BogoMIPS (lpj=14783976)
[    0.008007] pid_max: default: 32768 minimum: 301
[    0.008909] Security Framework initialized
[    0.009704] Yama: becoming mindful.
[    0.012024] AppArmor: AppArmor initialized
[    0.016029] Dentry cache hash table entries: 131072 (order: 8, 1048576 bytes)
[    0.017645] Inode-cache hash table entries: 65536 (order: 7, 524288 bytes)
[    0.018878] Mount-cache hash table entries: 2048 (order: 2, 16384 bytes)
[    0.020006] Mountpoint-cache hash table entries: 2048 (order: 2, 16384 bytes)
[    0.021618] Last level iTLB entries: 4KB 64, 2MB 8, 4MB 8
[    0.022697] Last level dTLB entries: 4KB 64, 2MB 0, 4MB 0, 1GB 4
[    0.024003] Spectre V1 : Mitigation: usercopy/swapgs barriers and __user pointer sanitization
[    0.025764] Spectre V2 : Mitigation: Full generic retpoline
[    0.028002] Spectre V2 : Spectre v2 / SpectreRSB mitigation: Filling RSB on context switch
[    0.029510] Speculative Store Bypass: Vulnerable
[    0.030405] SRBDS: Unknown: Dependent on hypervisor status
[    0.031391] MDS: Mitigation: Clear CPU buffers
[    0.032188] Freeing SMP alternatives memory: 36K
[    0.142988] smpboot: CPU0: Intel(R) Pentium(R) Gold G5400 CPU @ 3.70GHz (family: 0x6, model: 0x9e, stepping: 0xa)
[    0.144000] Performance Events: unsupported p6 CPU model 158 no PMU driver, software events only.
[    0.144000] Hierarchical SRCU implementation.
[    0.144642] NMI watchdog: Perf event create on CPU 0 failed with -2
[    0.145811] NMI watchdog: Perf NMI watchdog permanently disabled
[    0.146986] smp: Bringing up secondary CPUs ...
[    0.148074] x86: Booting SMP configuration:
[    0.148934] .... node  #0, CPUs:      #1
[    0.004000] kvm-clock: cpu 1, msr 0:3ff44041, secondary cpu clock
[    0.154594] smp: Brought up 1 node, 2 CPUs
[    0.156009] smpboot: Max logical packages: 1
[    0.156924] smpboot: Total of 2 processors activated (14783.97 BogoMIPS)
[    0.160003] devtmpfs: initialized
[    0.160836] x86/mm: Memory block size: 128MB
[    0.161829] evm: security.selinux
[    0.162605] evm: security.SMACK64
[    0.163430] evm: security.SMACK64EXEC
[    0.164000] evm: security.SMACK64TRANSMUTE
[    0.164003] evm: security.SMACK64MMAP
[    0.164844] evm: security.apparmor
[    0.165593] evm: security.ima
[    0.166309] evm: security.capability
[    0.168071] clocksource: jiffies: mask: 0xffffffff max_cycles: 0xffffffff, max_idle_ns: 7645041785100000 ns
[    0.170006] futex hash table entries: 512 (order: 3, 32768 bytes)
[    0.171350] pinctrl core: initialized pinctrl subsystem
[    0.174714] RTC time: 11:22:32, date: 08/02/21
[    0.176383] NET: Registered protocol family 16
[    0.177639] audit: initializing netlink subsys (disabled)
[    0.178851] audit: type=2000 audit(1627903358.508:1): state=initialized audit_enabled=0 res=1
[    0.180053] cpuidle: using governor ladder
[    0.180908] cpuidle: using governor menu
[    0.181813] ACPI: bus type PCI registered
[    0.184003] acpiphp: ACPI Hot Plug PCI Controller Driver version: 0.5
[    0.185415] PCI: Using configuration type 1 for base access
[    0.189287] HugeTLB registered 2.00 MiB page size, pre-allocated 0 pages
[    0.192066] ACPI: Added _OSI(Module Device)
[    0.192982] ACPI: Added _OSI(Processor Device)
[    0.193926] ACPI: Added _OSI(3.0 _SCP Extensions)
[    0.195012] ACPI: Added _OSI(Processor Aggregator Device)
[    0.196007] ACPI: Added _OSI(Linux-Dell-Video)
[    0.197433] ACPI: Added _OSI(Linux-Lenovo-NV-HDMI-Audio)
[    0.198754] ACPI: Added _OSI(Linux-HPI-Hybrid-Graphics)
[    0.200323] ACPI: Executed 1 blocks of module-level executable AML code
[    0.207640] ACPI: Interpreter enabled
[    0.208014] ACPI: (supports S0 S5)
[    0.208812] ACPI: Using IOAPIC for interrupt routing
[    0.210216] PCI: Using host bridge windows from ACPI; if necessary, use "pci=nocrs" and report a bug
[    0.212180] ACPI: Enabled 2 GPEs in block 00 to 07
[    0.220298] ACPI: PCI Root Bridge [PCI0] (domain 0000 [bus 00-ff])
[    0.224012] acpi PNP0A03:00: _OSC: OS supports [ASPM ClockPM Segments MSI]
[    0.225801] acpi PNP0A03:00: _OSC: not requesting OS control; OS requires [ExtendedConfig ASPM ClockPM MSI]
[    0.228012] acpi PNP0A03:00: fail to add MMCONFIG information, can't access extended PCI configuration space under this bridge.
[    0.235296] PCI host bridge to bus 0000:00
[    0.236004] pci_bus 0000:00: root bus resource [io  0x0000-0x0cf7 window]
[    0.239805] pci_bus 0000:00: root bus resource [io  0x0d00-0xffff window]
[    0.240004] pci_bus 0000:00: root bus resource [mem 0x000a0000-0x000bffff window]
[    0.241411] pci_bus 0000:00: root bus resource [mem 0x40000000-0xfdffffff window]
[    0.244004] pci_bus 0000:00: root bus resource [bus 00-ff]
[    0.248893] pci 0000:00:01.1: legacy IDE quirk: reg 0x10: [io  0x01f0-0x01f7]
[    0.250198] pci 0000:00:01.1: legacy IDE quirk: reg 0x14: [io  0x03f6]
[    0.251524] pci 0000:00:01.1: legacy IDE quirk: reg 0x18: [io  0x0170-0x0177]
[    0.252003] pci 0000:00:01.1: legacy IDE quirk: reg 0x1c: [io  0x0376]
[    0.278429] pci 0000:00:07.0: quirk: [io  0x4000-0x403f] claimed by PIIX4 ACPI
[    0.280020] pci 0000:00:07.0: quirk: [io  0x4100-0x410f] claimed by PIIX4 SMB
[    0.288248] ACPI: PCI Interrupt Link [LNKA] (IRQs 5 9 10 *11)
[    0.289859] ACPI: PCI Interrupt Link [LNKB] (IRQs 5 9 *10 11)
[    0.291887] ACPI: PCI Interrupt Link [LNKC] (IRQs 5 *9 10 11)
[    0.292129] ACPI: PCI Interrupt Link [LNKD] (IRQs 5 9 10 *11)
[    0.294302] SCSI subsystem initialized
[    0.296067] pci 0000:00:02.0: vgaarb: setting as boot VGA device
[    0.297700] pci 0000:00:02.0: vgaarb: VGA device added: decodes=io+mem,owns=io+mem,locks=none
[    0.300019] pci 0000:00:02.0: vgaarb: bridge control possible
[    0.301096] vgaarb: loaded
[    0.301705] ACPI: bus type USB registered
[    0.302527] usbcore: registered new interface driver usbfs
[    0.304014] usbcore: registered new interface driver hub
[    0.305550] usbcore: registered new device driver usb
[    0.308030] EDAC MC: Ver: 3.0.0
[    0.308912] PCI: Using ACPI for IRQ routing
[    0.309121] NetLabel: Initializing
[    0.309811] NetLabel:  domain hash size = 128
[    0.310671] NetLabel:  protocols = UNLABELED CIPSOv4 CALIPSO
[    0.312016] NetLabel:  unlabeled traffic allowed by default
[    0.313086] clocksource: Switched to clocksource kvm-clock
[    0.330158] VFS: Disk quotas dquot_6.6.0
[    0.330991] VFS: Dquot-cache hash table entries: 512 (order 0, 4096 bytes)
[    0.332369] AppArmor: AppArmor Filesystem Enabled
[    0.333307] pnp: PnP ACPI init
[    0.335005] pnp: PnP ACPI: found 3 devices
[    0.346950] clocksource: acpi_pm: mask: 0xffffff max_cycles: 0xffffff, max_idle_ns: 2085701024 ns
[    0.348998] NET: Registered protocol family 2
[    0.350103] TCP established hash table entries: 8192 (order: 4, 65536 bytes)
[    0.355331] TCP bind hash table entries: 8192 (order: 5, 131072 bytes)
[    0.360682] TCP: Hash tables configured (established 8192 bind 8192)
[    0.361900] UDP hash table entries: 512 (order: 2, 16384 bytes)
[    0.362962] UDP-Lite hash table entries: 512 (order: 2, 16384 bytes)
[    0.364127] NET: Registered protocol family 1
[    0.364979] pci 0000:00:00.0: Limiting direct PCI/PCI transfers
[    0.366066] pci 0000:00:01.0: Activating ISA DMA hang workarounds
[    0.367301] pci 0000:00:02.0: Video device with shadowed ROM at [mem 0x000c0000-0x000dffff]
[    0.372947] Unpacking initramfs...
[    0.690880] Freeing initrd memory: 20376K
[    0.691870] clocksource: tsc: mask: 0xffffffffffffffff max_cycles: 0x6a8d1a33fd6, max_idle_ns: 881590710935 ns
[    0.693928] platform rtc_cmos: registered platform RTC device (no PNP device found)
[    0.695507] Scanning for low memory corruption every 60 seconds
[    0.697759] Initialise system trusted keyrings
[    0.698858] Key type blacklist registered
[    0.699926] workingset: timestamp_bits=36 max_order=18 bucket_order=0
[    0.706707] zbud: loaded
[    0.707868] squashfs: version 4.0 (2009/01/31) Phillip Lougher
[    0.709488] fuse init (API version 7.26)
[    0.713089] Key type asymmetric registered
[    0.713893] Asymmetric key parser 'x509' registered
[    0.714826] Block layer SCSI generic (bsg) driver version 0.4 loaded (major 246)
[    0.716348] io scheduler noop registered
[    0.717106] io scheduler deadline registered
[    0.717961] io scheduler cfq registered (default)
[    0.721160] ACPI: AC Adapter [AC] (on-line)
[    0.722534] input: Power Button as /devices/LNXSYSTM:00/LNXPWRBN:00/input/input0
[    0.724283] ACPI: Power Button [PWRF]
[    0.725171] input: Sleep Button as /devices/LNXSYSTM:00/LNXSLPBN:00/input/input1
[    0.726686] ACPI: Sleep Button [SLPF]
[    0.727884] Serial: 8250/16550 driver, 32 ports, IRQ sharing enabled
[    0.750043] 00:02: ttyS0 at I/O 0x3f8 (irq = 4, base_baud = 115200) is a 16550A
[    0.759626] Linux agpgart interface v0.103
[    0.762196] loop: module loaded
[    0.763361] scsi host0: ata_piix
[    0.764160] scsi host1: ata_piix
[    0.764840] ata1: PATA max UDMA/33 cmd 0x1f0 ctl 0x3f6 bmdma 0xd000 irq 14
[    0.766106] ata2: PATA max UDMA/33 cmd 0x170 ctl 0x376 bmdma 0xd008 irq 15
[    0.767786] libphy: Fixed MDIO Bus: probed
[    0.768830] tun: Universal TUN/TAP device driver, 1.6
[    0.770496] PPP generic driver version 2.4.2
[    0.771510] ehci_hcd: USB 2.0 'Enhanced' Host Controller (EHCI) Driver
[    0.772941] ehci-pci: EHCI PCI platform driver
[    0.773877] ehci-platform: EHCI generic platform driver
[    0.774915] ohci_hcd: USB 1.1 'Open' Host Controller (OHCI) Driver
[    0.776230] ohci-pci: OHCI PCI platform driver
[    0.777207] ohci-platform: OHCI generic platform driver
[    0.778582] uhci_hcd: USB Universal Host Controller Interface driver
[    0.779975] i8042: PNP: PS/2 Controller [PNP0303:PS2K,PNP0f03:PS2M] at 0x60,0x64 irq 1,12
[    0.782499] serio: i8042 KBD port at 0x60,0x64 irq 1
[    0.783576] serio: i8042 AUX port at 0x60,0x64 irq 12
[    0.784967] mousedev: PS/2 mouse device common for all mice
[    0.786929] rtc_cmos rtc_cmos: rtc core: registered rtc_cmos as rtc0
[    0.788760] input: AT Translated Set 2 keyboard as /devices/platform/i8042/serio0/input/input2
[    0.792133] rtc_cmos rtc_cmos: alarms up to one day, 114 bytes nvram
[    0.793507] i2c /dev entries driver
[    0.794244] device-mapper: uevent: version 1.0.3
[    0.795259] device-mapper: ioctl: 4.37.0-ioctl (2017-09-20) initialised: dm-devel@redhat.com
[    0.796949] ledtrig-cpu: registered to indicate activity on CPUs
[    0.798385] NET: Registered protocol family 10
[    0.808474] Segment Routing with IPv6
[    0.809330] NET: Registered protocol family 17
[    0.810377] Key type dns_resolver registered
[    0.811616] mce: Using 0 MCE banks
[    0.812466] RAS: Correctable Errors collector initialized.
[    0.813588] sched_clock: Marking stable (812444694, 0)->(1035897423, -223452729)
[    0.815586] registered taskstats version 1
[    0.816635] Loading compiled-in X.509 certificates
[    0.820449] Loaded X.509 cert 'Build time autogenerated kernel key: f57eddc348b36f7d35fd4232c73b07389449520d'
[    0.824129] Loaded X.509 cert 'Canonical Ltd. Live Patch Signing: 14df34d1a87cf37625abec039ef2bf521249b969'
[    0.826626] Loaded X.509 cert 'Canonical Ltd. Kernel Module Signing: 88f752e560a1e0737e31163a466ad7b70a850c19'
[    0.828891] zswap: loaded using pool lzo/zbud
[    0.833783] Key type big_key registered
[    0.834663] Key type trusted registered
[    0.837195] Key type encrypted registered
[    0.839592] AppArmor: AppArmor sha1 policy hashing enabled
[    0.841005] ima: No TPM chip found, activating TPM-bypass! (rc=-19)
[    0.842284] ima: Allocated hash algorithm: sha1
[    0.843296] evm: HMAC attrs: 0x1
[    0.844293]   Magic number: 1:151:377
[    0.845244] acpi PNP0700:00: hash matches
[    0.846222] rtc_cmos rtc_cmos: setting system clock to 2021-08-02 11:22:33 UTC (1627903353)
[    0.848116] BIOS EDD facility v0.16 2004-Jun-25, 0 devices found
[    0.849448] EDD information not available.
[    0.949840] Freeing unused kernel image memory: 2448K
[    1.140339] Write protecting the kernel read-only data: 20480k
[    1.146859] Freeing unused kernel image memory: 2008K
[    1.152560] Freeing unused kernel image memory: 1824K
[    1.172330] x86/mm: Checked W+X mappings: passed, no W+X pages found.
[    1.175555] x86/mm: Checking user space page tables
[    1.185344] x86/mm: Checked W+X mappings: passed, no W+X pages found.
Loading, please wait...
starting version 237
[    1.287605] Fusion MPT base driver 3.04.20
[    1.289093] Copyright (c) 1999-2008 LSI Corporation
[    1.321170] e1000: Intel(R) PRO/1000 Network Driver - version 7.3.21-k8-NAPI
[    1.322684] e1000: Copyright (c) 1999-2006 Intel Corporation.
[    1.326934] Fusion MPT SPI Host driver 3.04.20
[    1.333307] mptbase: ioc0: Initiating bringup
[    1.337479] SSE version of gcm_enc/dec engaged.
[    1.438778] ioc0: LSI53C1030 A0: Capabilities={Initiator}
[    1.512623] input: ImExPS/2 Generic Explorer Mouse as /devices/platform/i8042/serio1/input/input4
[    1.691280] scsi host2: ioc0: LSI53C1030 A0, FwRev=00000000h, Ports=1, MaxQ=256, IRQ=20
[    1.872495] scsi 2:0:0:0: Direct-Access     VBOX     HARDDISK         1.0  PQ: 0 ANSI: 5
[    1.906045] scsi target2:0:0: Beginning Domain Validation
[    1.909598] scsi target2:0:0: Domain Validation skipping write tests
[    1.911639] scsi target2:0:0: Ending Domain Validation
[    1.913417] scsi target2:0:0: asynchronous
[    1.915543] scsi 2:0:1:0: Direct-Access     VBOX     HARDDISK         1.0  PQ: 0 ANSI: 5
[    2.237470] scsi target2:0:1: Beginning Domain Validation
[    2.241295] random: fast init done
[    2.242535] scsi target2:0:1: Domain Validation skipping write tests
[    2.243816] scsi target2:0:1: Ending Domain Validation
[    2.244897] scsi target2:0:1: asynchronous
[    2.249558] random: systemd-udevd: uninitialized urandom read (16 bytes read)
[    2.250924] random: systemd-udevd: uninitialized urandom read (16 bytes read)
[    2.252324] random: systemd-udevd: uninitialized urandom read (16 bytes read)
[    2.257672] sd 2:0:0:0: Attached scsi generic sg0 type 0
[    2.259089] sd 2:0:1:0: Attached scsi generic sg1 type 0
[    2.260653] sd 2:0:0:0: [sda] 83886080 512-byte logical blocks: (42.9 GB/40.0 GiB)
[    2.262602] sd 2:0:0:0: [sda] Write Protect is off
[    2.263941] sd 2:0:1:0: [sdb] 20480 512-byte logical blocks: (10.5 MB/10.0 MiB)
[    2.266177] sd 2:0:1:0: [sdb] Write Protect is off
[    2.269602] sd 2:0:0:0: [sda] Incomplete mode parameter data
[    2.274650] sd 2:0:0:0: [sda] Assuming drive cache: write through
[    2.274852] e1000 0000:00:03.0 eth0: (PCI:33MHz:32-bit) 02:2a:e1:ea:70:72
[    2.278335] e1000 0000:00:03.0 eth0: Intel(R) PRO/1000 Network Connection
[    2.279853] sd 2:0:1:0: [sdb] Incomplete mode parameter data
[    2.281699] sd 2:0:1:0: [sdb] Assuming drive cache: write through
[    2.285193] e1000 0000:00:03.0 enp0s3: renamed from eth0
[    2.291763]  sda: sda1
[    2.293793] sd 2:0:1:0: [sdb] Attached SCSI disk
[    2.294874] sd 2:0:0:0: [sda] Attached SCSI disk
Begin: Loading essential drivers ... [    4.132020] raid6: sse2x1   gen() 11203 MB/s
[    4.180109] raid6: sse2x1   xor()  7706 MB/s
[    4.228059] raid6: sse2x2   gen() 12688 MB/s
[    4.276050] raid6: sse2x2   xor()  8266 MB/s
[    4.324036] raid6: sse2x4   gen() 14095 MB/s
[    4.372117] raid6: sse2x4   xor()  9665 MB/s
[    4.373081] raid6: using algorithm sse2x4 gen() 14095 MB/s
[    4.374180] raid6: .... xor() 9665 MB/s, rmw enabled
[    4.375188] raid6: using ssse3x2 recovery algorithm
[    4.377156] xor: measuring software checksum speed
[    4.416082]    prefetch64-sse: 17723.000 MB/sec
[    4.456085]    generic_sse: 16848.000 MB/sec
[    4.457022] xor: using function: prefetch64-sse (17723.000 MB/sec)
[    4.459206] async_tx: api initialized (async)
done.
Begin: Running /scripts/init-premount ... done.
Begin: Mounting root file system ... Begin: Running /scripts/local-top ... done.
Begin: Running /scripts/local-premount ... [    4.512880] Btrfs loaded, crc32c=crc32c-intel
Scanning for Btrfs filesystems
done.
Begin: Will now check root file system ... fsck from util-linux 2.31.1
[/sbin/fsck.ext4 (1) -- /dev/sda1] fsck.ext4 -a -C0 /dev/sda1 
cloudimg-rootfs: clean, 74346/5120000 files, 946686/10485499 blocks
done.
[    4.560030] EXT4-fs (sda1): mounted filesystem with ordered data mode. Opts: (null)
done.
Begin: Running /scripts/local-bottom ... done.
Begin: Running /scripts/init-bottom ... done.
[    4.760887] ip_tables: (C) 2000-2006 Netfilter Core Team
[    4.768442] systemd[1]: systemd 237 running in system mode. (+PAM +AUDIT +SELINUX +IMA +APPARMOR +SMACK +SYSVINIT +UTMP +LIBCRYPTSETUP +GCRYPT +GNUTLS +ACL +XZ +LZ4 +SECCOMP +BLKID +ELFUTILS +KMOD -IDN2 +IDN -PCRE2 default-hierarchy=hybrid)
[    4.776554] systemd[1]: Detected virtualization oracle.
[    4.777529] systemd[1]: Detected architecture x86-64.

Welcome to [1mUbuntu 18.04.5 LTS[0m!

[    4.793195] systemd[1]: Set hostname to <Ubuntu-18>.
[    5.506715] systemd[1]: Reached target User and Group Name Lookups.
[[0;32m  OK  [0m] Reached target User and Group Name Lookups.
[    5.521443] systemd[1]: Set up automount Arbitrary Executable File Formats File System Automount Point.
[[0;32m  OK  [0m] Set up automount Arbitrary Executabâ€¦rmats File System Automount Point.
[    5.524469] systemd[1]: Started Forward Password Requests to Wall Directory Watch.
[[0;32m  OK  [0m] Started Forward Password Requests to Wall Directory Watch.
[    5.528328] systemd[1]: Created slice System Slice.
[[0;32m  OK  [0m] Created slice System Slice.
[    5.530345] systemd[1]: Listening on Network Service Netlink Socket.
[[0;32m  OK  [0m] Listening on Network Service Netlink Socket.
[    5.532433] systemd[1]: Listening on udev Control Socket.
[[0;32m  OK  [0m] Listening on udev Control Socket.
[[0;32m  OK  [0m] Listening on LVM2 poll daemon socket.
[[0;32m  OK  [0m] Listening on Syslog Socket.
[[0;32m  OK  [0m] Listening on /dev/initctl Compatibility Named Pipe.
[[0;32m  OK  [0m] Created slice system-serial\x2dgetty.slice.
[[0;32m  OK  [0m] Listening on udev Kernel Socket.
[[0;32m  OK  [0m] Listening on LVM2 metadata daemon socket.
[[0;32m  OK  [0m] Listening on Journal Socket.
         Starting udev Coldplug all Devices...
         Starting Uncomplicated firewall...
         Mounting Kernel Debug File System...
         Mounting Huge Pages File System...
         Starting Create list of required stâ€¦ce nodes for the current kernel...
         Starting Load Kernel Modules...
[[0;32m  OK  [0m] Listening on fsck to fsckd communication Socket.
         Starting Remount Root and Kernel File Systems...
[[0;32m  OK  [0m] Listening on Journal Socket (/dev/log).
[[0;32m  OK  [0m] Listening on Journal Audit Socket.
         Starting Set the console keyboard layout...
[[0;32m  OK  [0m] Reached target System Time Synchronized.
[    5.585597] Loading iSCSI transport class v2.0-870.
[[0;32m  OK  [0m] Reached target Swap.
[[0;32m  OK  [0m] Created slice User and Session Slice.
[[0;32m  OK  [0m] Reached target Slices.
         Mounting POSIX Message Queue File System...
         Starting Journal Service...
[[0;32m  OK  [0m] Listening on Device-mapper event daemon FIFOs.
         Starting Monitoring of LVM2 mirrorsâ€¦ng dmeventd or progress polling...
[[0;32m  OK  [0m] Started Uncomplicated firewall.
[[0;32m  OK  [0m] Mounted Kernel Debug File System.
[[0;32m  OK  [0m] Mounted Huge Pages File System.
[[0;32m  OK  [0m] Started Create list of required staâ€¦vice nodes for the current kernel.
[[0;32m  OK  [0m] Mounted POSIX Message Queue File System.
         Starting Create Static Device Nodes in /dev...
[[0;32m  OK  [0m] Started LVM2 metadata daemon.
[[0;32m  OK  [0m] Started udev Coldplug all Devices.
[    5.656857] iscsi: registered transport (tcp)
[    5.673105] iscsi: registered transport (iser)
[[0;32m  OK  [0m] Started Load Kernel Modules.
         Mounting FUSE Control File System...
         Mounting Kernel Configuration File System...
         Starting Apply Kernel Variables...
[[0;32m  OK  [0m] Mounted FUSE Control File System.
[[0;32m  OK  [0m] Mounted Kernel Configuration File System.
[    5.693066] EXT4-fs (sda1): re-mounted. Opts: (null)
[[0;32m  OK  [0m] Started Remount Root and Kernel File Systems.
         Starting Load/Save Random Seed...
[[0;32m  OK  [0m] Started Journal Service.
         Starting Flush Journal to Persistent Storage...
[[0;32m  OK  [0m] Started Create Static Device Nodes in /dev.
         Starting udev Kernel Device Manager...
[[0;32m  OK  [0m] Started Load/Save Random Seed.
[[0;32m  OK  [0m] Started Apply Kernel Variables.
[[0;32m  OK  [0m] Started Monitoring of LVM2 mirrors,â€¦sing dmeventd or progress polling.
[[0;32m  OK  [0m] Started udev Kernel Device Manager.
[[0;32m  OK  [0m] Started Flush Journal to Persistent Storage.
[[0;32m  OK  [0m] Started Set the console keyboard layout.
[[0;32m  OK  [0m] Started Dispatch Password Requests to Console Directory Watch.
[[0;32m  OK  [0m] Reached target Local Encrypted Volumes.
[[0;32m  OK  [0m] Reached target Local File Systems (Pre).
[[0;32m  OK  [0m] Reached target Local File Systems.
         Starting Create Volatile Files and Directories...
         Starting ebtables ruleset management...
         Starting Tell Plymouth To Write Out Runtime Data...
         Starting AppArmor initialization...
         Starting Set console font and keymap...
[[0;32m  OK  [0m] Started Tell Plymouth To Write Out Runtime Data.
[[0;32m  OK  [0m] Started Set console font and keymap.
[[0;32m  OK  [0m] Started Create Volatile Files and Directories.
         Starting Update UTMP about System Boot/Shutdown...
[[0;32m  OK  [0m] Started Update UTMP about System Boot/Shutdown.
[[0;32m  OK  [0m] Started ebtables ruleset management.
[[0;32m  OK  [0m] Found device /dev/ttyS0.
[[0;32m  OK  [0m] Started AppArmor initialization.
         Starting Load AppArmor profiles managed internally by snapd...
         Starting Initial cloud-init job (pre-networking)...
[[0;32m  OK  [0m] Started Load AppArmor profiles managed internally by snapd.
[[0;32m  OK  [0m] Listening on Load/Save RF Kill Switch Status /dev/rfkill Watch.
[    7.789630] cloud-init[550]: Cloud-init v. 21.2-3-g899bfaa9-0ubuntu2~18.04.1 running 'init-local' at Mon, 02 Aug 2021 11:22:40 +0000. Up 7.55 seconds.
[[0;32m  OK  [0m] Started Initial cloud-init job (pre-networking).
[[0;32m  OK  [0m] Reached target Network (Pre).
         Starting Network Service...
[[0;32m  OK  [0m] Started Network Service.
         Starting Network Name Resolution...
         Starting Wait for Network to be Configured...
[[0;32m  OK  [0m] Started Network Name Resolution.
[[0;32m  OK  [0m] Reached target Host and Network Name Lookups.
[[0;32m  OK  [0m] Reached target Network.
[[0;32m  OK  [0m] Started Wait for Network to be Configured.
         Starting Initial cloud-init job (metadata service crawler)...
[   10.154307] cloud-init[671]: Cloud-init v. 21.2-3-g899bfaa9-0ubuntu2~18.04.1 running 'init' at Mon, 02 Aug 2021 11:22:42 +0000. Up 9.94 seconds.
[   10.164202] cloud-init[671]: ci-info: ++++++++++++++++++++++++++++++++++++++Net device info++++++++++++++++++++++++++++++++++++++
[   10.166478] cloud-init[671]: ci-info: +--------+------+----------------------------+---------------+--------+-------------------+
[   10.167663] cloud-init[671]: ci-info: | Device |  Up  |          Address           |      Mask     | Scope  |     Hw-Address    |
[   10.169252] cloud-init[671]: ci-info: +--------+------+----------------------------+---------------+--------+-------------------+
[   10.173586] cloud-init[671]: ci-info: | enp0s3 | True |         10.0.2.15          | 255.255.255.0 | global | 02:2a:e1:ea:70:72 |
[   10.176106] cloud-init[671]: ci-info: | enp0s3 | True | fe80::2a:e1ff:feea:7072/64 |       .       |  link  | 02:2a:e1:ea:70:72 |
[   10.178501] cloud-init[671]: ci-info: |   lo   | True |         127.0.0.1          |   255.0.0.0   |  host  |         .         |
[   10.180385] cloud-init[671]: ci-info: |   lo   | True |          ::1/128           |       .       |  host  |         .         |
[   10.192909] cloud-init[671]: ci-info: +--------+------+----------------------------+---------------+--------+-------------------+
[   10.194449] cloud-init[671]: ci-info: ++++++++++++++++++++++++++++Route IPv4 info+++++++++++++++++++++++++++++
[   10.208250] cloud-init[671]: ci-info: +-------+-------------+----------+-----------------+-----------+-------+
[   10.209657] cloud-init[671]: ci-info: | Route | Destination | Gateway  |     Genmask     | Interface | Flags |
[   10.221427] cloud-init[671]: ci-info: +-------+-------------+----------+-----------------+-----------+-------+
[   10.222709] cloud-init[671]: ci-info: |   0   |   0.0.0.0   | 10.0.2.2 |     0.0.0.0     |   enp0s3  |   UG  |
[   10.236214] cloud-init[671]: ci-info: |   1   |   10.0.2.0  | 0.0.0.0  |  255.255.255.0  |   enp0s3  |   U   |
[   10.248298] cloud-init[671]: ci-info: |   2   |   10.0.2.2  | 0.0.0.0  | 255.255.255.255 |   enp0s3  |   UH  |
[   10.260177] cloud-init[671]: ci-info: +-------+-------------+----------+-----------------+-----------+-------+
[   10.261443] cloud-init[671]: ci-info: +++++++++++++++++++Route IPv6 info+++++++++++++++++++
[   10.262118] cloud-init[671]: ci-info: +-------+-------------+---------+-----------+-------+
[   10.262813] cloud-init[671]: ci-info: | Route | Destination | Gateway | Interface | Flags |
[   10.263523] cloud-init[671]: ci-info: +-------+-------------+---------+-----------+-------+
[   10.276250] cloud-init[671]: ci-info: |   1   |  fe80::/64  |    ::   |   enp0s3  |   U   |
[   10.277519] cloud-init[671]: ci-info: |   3   |    local    |    ::   |   enp0s3  |   U   |
[   10.279124] cloud-init[671]: ci-info: |   4   |   ff00::/8  |    ::   |   enp0s3  |   U   |
[   10.280615] cloud-init[671]: ci-info: +-------+-------------+---------+-----------+-------+
[[0;32m  OK  [0m] Started Initial cloud-init job (metadata service crawler).
[[0;32m  OK  [0m] Reached target Cloud-config availability.
[[0;32m  OK  [0m] Reached target Network is Online.
         Starting Availability of block devices...
[[0;32m  OK  [0m] Reached target Remote File Systems (Pre).
         Mounting /vagrant...
[[0;32m  OK  [0m] Reached target System Initialization.
[[0;32m  OK  [0m] Started Daily Cleanup of Temporary Directories.
[[0;32m  OK  [0m] Listening on UUID daemon activation socket.
[[0;32m  OK  [0m] Listening on D-Bus System Message Bus Socket.
[[0;32m  OK  [0m] Listening on ACPID Listen Socket.
         Starting LXD - unix socket.
[[0;32m  OK  [0m] Listening on Open-iSCSI iscsid Socket.
[[0;32m  OK  [0m] Started Discard unused blocks once a week.
[[0;32m  OK  [0m] Started Message of the Day.
[[0;32m  OK  [0m] Started ACPI Events Check.
[[0;32m  OK  [0m] Started Daily apt download activities.
[[0;32m  OK  [0m] Started Daily apt upgrade and clean activities.
[[0;32m  OK  [0m] Started Ubuntu Advantage update messaging.
[[0;32m  OK  [0m] Reached target Timers.
         Starting Socket activation for snappy daemon.
[[0;32m  OK  [0m] Reached target Paths.
[[0;32m  OK  [0m] Started Availability of block devices.
[[0;32m  OK  [0m] Mounted /vagrant.
[[0;32m  OK  [0m] Listening on LXD - unix socket.
[[0;32m  OK  [0m] Listening on Socket activation for snappy daemon.
[[0;32m  OK  [0m] Reached target Sockets.
[[0;32m  OK  [0m] Reached target Basic System.
[[0;32m  OK  [0m] Started D-Bus System Message Bus.
         Starting LSB: Record successful boot for GRUB...
[[0;32m  OK  [0m] Started irqbalance daemon.
[[0;32m  OK  [0m] Started Deferred execution scheduler.
[[0;32m  OK  [0m] Started Regular background program processing daemon.
         Starting Login Service...
[[0;32m  OK  [0m] Started FUSE filesystem for LXC.
         Starting Virtualbox guest utils...
         Starting System Logging Service...
         Starting A high performance web server and a reverse proxy server...
         Starting Accounts Service...
         Starting MySQL Community Server...
         Starting Dispatcher daemon for systemd-networkd...
         Starting OpenBSD Secure Shell server...
         Starting Snap Daemon...
         Starting LXD - container startup/shutdown...
[[0;32m  OK  [0m] Reached target Remote File Systems.
         Starting Permit User Sessions...
         Starting LSB: automatic crash report generation...
[[0;32m  OK  [0m] Started System Logging Service.
[[0;32m  OK  [0m] Started Login Service.
[[0;32m  OK  [0m] Started Unattended Upgrades Shutdown.
[[0;32m  OK  [0m] Started Permit User Sessions.
         Starting Hold until boot process finishes up...
         Starting Terminate Plymouth Boot Screen...
[[0;32m  OK  [0m] Started Hold until boot process finishes up.
         Starting Set console scheme...
[[0;32m  OK  [0m] Started Serial Getty on ttyS0.
[[0;32m  OK  [0m] Started Terminate Plymouth Boot Screen.
[[0;32m  OK  [0m] Started Set console scheme.
[[0;32m  OK  [0m] Created slice system-getty.slice.
[[0;32m  OK  [0m] Started Getty on tty1.
[[0;32m  OK  [0m] Reached target Login Prompts.
         Starting Authorization Manager...
[[0;32m  OK  [0m] Started OpenBSD Secure Shell server.
[[0;32m  OK  [0m] Started LSB: automatic crash report generation.
[[0;32m  OK  [0m] Started A high performance web server and a reverse proxy server.
[[0;32m  OK  [0m] Started Virtualbox guest utils.
[[0;32m  OK  [0m] Started LSB: Record successful boot for GRUB.
[[0;32m  OK  [0m] Started Authorization Manager.
[[0;32m  OK  [0m] Started Accounts Service.
[[0;32m  OK  [0m] Created slice User Slice of vagrant.
[[0;32m  OK  [0m] Started LXD - container startup/shutdown.
[[0;32m  OK  [0m] Started Session 1 of user vagrant.
         Starting User Manager for UID 1000...
[[0;32m  OK  [0m] Started Dispatcher daemon for systemd-networkd.
[[0;32m  OK  [0m] Started User Manager for UID 1000.
[[0;32m  OK  [0m] Started Snap Daemon.
         Starting Wait until snapd is fully seeded...
[[0;32m  OK  [0m] Started Wait until snapd is fully seeded.
         Starting Apply the settings specified in cloud-config...
[[0;32m  OK  [0m] Started MySQL Community Server.
[[0;32m  OK  [0m] Reached target Multi-User System.
[[0;32m  OK  [0m] Reached target Graphical Interface.
         Starting Update UTMP about System Runlevel Changes...
[[0;32m  OK  [0m] Started Update UTMP about System Runlevel Changes.
[   13.156321] cloud-init[1169]: Cloud-init v. 21.2-3-g899bfaa9-0ubuntu2~18.04.1 running 'modules:config' at Mon, 02 Aug 2021 11:22:45 +0000. Up 12.99 seconds.
[[0;32m  OK  [0m] Started Apply the settings specified in cloud-config.
         Starting Execute cloud user/final scripts...
[   13.982962] cloud-init[1265]: Cloud-init v. 21.2-3-g899bfaa9-0ubuntu2~18.04.1 running 'modules:final' at Mon, 02 Aug 2021 11:22:46 +0000. Up 13.79 seconds.
[   13.985846] cloud-init[1265]: Cloud-init v. 21.2-3-g899bfaa9-0ubuntu2~18.04.1 finished at Mon, 02 Aug 2021 11:22:46 +0000. Datasource DataSourceNoCloud [seed=/dev/sdb][dsmode=net].  Up 13.97 seconds
[[0;32m  OK  [0m] Started Execute cloud user/final scripts.
[[0;32m  OK  [0m] Reached target Cloud-init target.

Ubuntu 18.04.5 LTS Ubuntu-18 ttyS0

Ubuntu-18 login: [[0;32m  OK  [0m] Stopped Unattended Upgrades Shutdown.
[[0;32m  OK  [0m] Stopped target Cloud-init target.
[[0;32m  OK  [0m] Stopped Execute cloud user/final scripts.
         Stopping Authorization Manager...
[[0;32m  OK  [0m] Stopped target Host and Network Name Lookups.
[[0;32m  OK  [0m] Stopped target Graphical Interface.
[[0;32m  OK  [0m] Stopped target Multi-User System.
         Stopping Dispatcher daemon for systemd-networkd...
         Stopping FUSE filesystem for LXC...
[[0;32m  OK  [0m] Stopped target Login Prompts.
         Stopping OpenBSD Secure Shell server...
         Stopping Virtualbox guest utils...
         Stopping irqbalance daemon...
         Stopping A high performance web server and a reverse proxy server...
         Stopping D-Bus System Message Bus...
         Stopping LSB: Record successful boot for GRUB...
         Stopping Accounts Service...
         Stopping System Logging Service...
         Stopping LXD - container startup/shutdown...
         Stopping Serial Getty on ttyS0...
[[0;32m  OK  [0m] Stopped Apply the settings specified in cloud-config.
[[0;32m  OK  [0m] Stopped target Cloud-config availability.
         Stopping User Manager for UID 1000...
         Stopping Regular background program processing daemon...
         Stopping LSB: automatic crash report generation...
         Stopping Availability of block devices...
         Stopping Deferred execution scheduler...
[[0;32m  OK  [0m] Stopped Wait until snapd is fully seeded.
         Stopping Getty on tty1...
[[0;32m  OK  [0m] Closed Load/Save RF Kill Switch Status /dev/rfkill Watch.
[[0;32m  OK  [0m] Stopped target Timers.
[[0;32m  OK  [0m] Stopped Daily apt upgrade and clean activities.
[[0;32m  OK  [0m] Stopped Daily apt download activities.
[[0;32m  OK  [0m] Stopped Daily Cleanup of Temporary Directories.
[[0;32m  OK  [0m] Stopped Discard unused blocks once a week.
[[0;32m  OK  [0m] Stopped Ubuntu Advantage update messaging.
         Stopping Session 5 of user vagrant.
         Stopping MySQL Community Server...
[[0;32m  OK  [0m] Stopped Message of the Day.
[[0;32m  OK  [0m] Stopped target System Time Synchronized.
[[0;32m  OK  [0m] Unmounted /var/lib/lxcfs.
[[0;32m  OK  [0m] Stopped irqbalance daemon.
[[0;32m  OK  [0m] Stopped Deferred execution scheduler.
[[0;32m  OK  [0m] Stopped Regular background program processing daemon.
[[0;32m  OK  [0m] Stopped System Logging Service.
[[0;32m  OK  [0m] Stopped Accounts Service.
[[0;32m  OK  [0m] Stopped Dispatcher daemon for systemd-networkd.
[[0;32m  OK  [0m] Stopped Serial Getty on ttyS0.
[[0;32m  OK  [0m] Stopped Getty on tty1.
[[0;32m  OK  [0m] Stopped Authorization Manager.
[[0;32m  OK  [0m] Stopped OpenBSD Secure Shell server.
[[0;32m  OK  [0m] Stopped User Manager for UID 1000.
[[0;32m  OK  [0m] Stopped D-Bus System Message Bus.
[[0;32m  OK  [0m] Stopped Availability of block devices.
[[0;32m  OK  [0m] Stopped FUSE filesystem for LXC.
[[0;32m  OK  [0m] Stopped Session 5 of user vagrant.
[[0;32m  OK  [0m] Stopped A high performance web server and a reverse proxy server.
[[0;32m  OK  [0m] Removed slice User Slice of vagrant.
         Stopping Login Service...
[[0;32m  OK  [0m] Removed slice system-getty.slice.
         Stopping Permit User Sessions...
[[0;32m  OK  [0m] Removed slice system-serial\x2dgetty.slice.
[[0;32m  OK  [0m] Stopped LSB: Record successful boot for GRUB.
[[0;32m  OK  [0m] Stopped LXD - container startup/shutdown.
[[0;32m  OK  [0m] Stopped LSB: automatic crash report generation.
[[0;32m  OK  [0m] Stopped Permit User Sessions.
[[0;32m  OK  [0m] Stopped target Remote File Systems.
         Unmounting /vagrant...
[[0;32m  OK  [0m] Stopped Login Service.
[[0;32m  OK  [0m] Stopped target User and Group Name Lookups.
[[0;32m  OK  [0m] Unmounted /vagrant.
[[0;32m  OK  [0m] Stopped target Network is Online.
[[0;32m  OK  [0m] Stopped target Remote File Systems (Pre).
[[0;32m  OK  [0m] Stopped Virtualbox guest utils.
[[0;32m  OK  [0m] Stopped MySQL Community Server.
[[0;32m  OK  [0m] Stopped target Basic System.
[[0;32m  OK  [0m] Stopped target Slices.
[[0;32m  OK  [0m] Removed slice User and Session Slice.
[[0;32m  OK  [0m] Stopped target Paths.
[[0;32m  OK  [0m] Stopped ACPI Events Check.
[[0;32m  OK  [0m] Stopped target Sockets.
[[0;32m  OK  [0m] Closed Open-iSCSI iscsid Socket.
[[0;32m  OK  [0m] Closed D-Bus System Message Bus Socket.
[[0;32m  OK  [0m] Closed LXD - unix socket.
[[0;32m  OK  [0m] Closed Syslog Socket.
[[0;32m  OK  [0m] Closed ACPID Listen Socket.
[[0;32m  OK  [0m] Closed Socket activation for snappy daemon.
[[0;32m  OK  [0m] Closed UUID daemon activation socket.
[[0;32m  OK  [0m] Stopped target System Initialization.
[[0;32m  OK  [0m] Stopped Initial cloud-init job (metadata service crawler).
[[0;32m  OK  [0m] Stopped Wait for Network to be Configured.
         Stopping Update UTMP about System Boot/Shutdown...
[[0;32m  OK  [0m] Stopped target Local Encrypted Volumes.
[[0;32m  OK  [0m] Stopped Forward Password Requests to Wall Directory Watch.
[[0;32m  OK  [0m] Stopped Dispatch Password Requests to Console Directory Watch.
         Stopping Load/Save Random Seed...
[[0;32m  OK  [0m] Stopped target Network.
         Stopping Network Name Resolution...
[[0;32m  OK  [0m] Stopped Update UTMP about System Boot/Shutdown.
[[0;32m  OK  [0m] Stopped Load/Save Random Seed.
[[0;32m  OK  [0m] Stopped Network Name Resolution.
[[0;32m  OK  [0m] Stopped Create Volatile Files and Directories.
[[0;32m  OK  [0m] Stopped target Local File Systems.
         Unmounting /run/user/1000...
         Stopping Network Service...
[[0;32m  OK  [0m] Unmounted /run/user/1000.
[[0;32m  OK  [0m] Reached target Unmount All Filesystems.
[[0;32m  OK  [0m] Stopped target Swap.
[[0;32m  OK  [0m] Stopped target Local File Systems (Pre).
[[0;32m  OK  [0m] Stopped Create Static Device Nodes in /dev.
         Stopping Monitoring of LVM2 mirrorsâ€¦ng dmeventd or progress polling...
[[0;32m  OK  [0m] Stopped Network Service.
[[0;32m  OK  [0m] Stopped Monitoring of LVM2 mirrors,â€¦sing dmeventd or progress polling.
         Stopping LVM2 metadata daemon...
[[0;32m  OK  [0m] Stopped target Network (Pre).
[[0;32m  OK  [0m] Stopped Initial cloud-init job (pre-networking).
[[0;32m  OK  [0m] Stopped Remount Root and Kernel File Systems.
[[0;32m  OK  [0m] Stopped Apply Kernel Variables.
[[0;32m  OK  [0m] Stopped Load Kernel Modules.
[[0;32m  OK  [0m] Reached target Shutdown.
[[0;32m  OK  [0m] Reached target Final Step.
         Starting Power-Off...
[[0;32m  OK  [0m] Stopped LVM2 metadata daemon.
[ 1325.173946] reboot: Power down
